// Jest Snapshot v1, https://goo.gl/fbAQLP

exports[`PlusButton 通常のPlusButtonを描画できる 1`] = `
<View
  accessibilityState={
    {
      "busy": undefined,
      "checked": undefined,
      "disabled": undefined,
      "expanded": undefined,
      "selected": undefined,
    }
  }
  accessibilityValue={
    {
      "max": undefined,
      "min": undefined,
      "now": undefined,
      "text": undefined,
    }
  }
  accessible={true}
  collapsable={false}
  focusable={true}
  onClick={[Function]}
  onResponderGrant={[Function]}
  onResponderMove={[Function]}
  onResponderRelease={[Function]}
  onResponderTerminate={[Function]}
  onResponderTerminationRequest={[Function]}
  onStartShouldSetResponder={[Function]}
  style={
    {
      "alignItems": "center",
      "backgroundColor": "#008080",
      "height": 50,
      "justifyContent": "center",
      "opacity": 1,
      "width": 50,
    }
  }
  testID="plus-button"
>
  <Text
    style={
      {
        "color": "white",
        "fontSize": 20,
      }
    }
  >
    +
  </Text>
</View>
`;
